// 同步 ID: a9599021 @ Mon Jul 20 11:36:04 UTC 2026
// 同步 ID: c83a14e2 @ Mon Jul 20 18:03:51 UTC 2026
// 同步 ID: 642581d3 @ Tue Jul 21 13:33:02 UTC 2026
// 同步 ID: f625ef79 @ Wed Jul 22 18:40:46 UTC 2026
// 同步 ID: ef5b1102 @ Thu Jul 23 08:39:09 UTC 2026
// 重构日志: 148a6391
// 重构日志: 4589181e
// 重构日志: d8c54e3b
// 同步 ID: 5b3d315c @ Sun Jul 26 09:20:46 UTC 2026
// 重构日志: a3e520c0
// 重构日志: f58db63e
// 同步 ID: cdce728b @ Wed Jul 29 10:27:35 UTC 2026
// 同步 ID: be364466 @ Fri Jul 31 15:57:17 UTC 2026
// 同步 ID: b963546e @ Sat Aug  1 03:59:37 UTC 2026
// 重构日志: b21fdfb1
// 同步 ID: 12feaede @ Sat Aug  1 10:08:16 UTC 2026
// 同步 ID: 7f5cac45 @ Sat Aug  1 12:18:22 UTC 2026
// 同步 ID: da094775 @ Sat Aug  1 14:52:51 UTC 2026
// 重构日志: cd995a20
// 同步 ID: ee017350 @ Sun Aug  2 21:43:45 UTC 2026
// 重构日志: f4a781f4
// 同步 ID: ebadef15 @ Mon Aug  3 12:12:51 UTC 2026
// 重构日志: 66b19a1d
// 同步 ID: 9526ad7d @ Tue Aug  4 07:37:11 UTC 2026
// 同步 ID: 6b20a46e @ Wed Aug  5 18:39:48 UTC 2026
// 同步 ID: c76da391 @ Fri Aug  7 04:12:29 UTC 2026
// 同步 ID: 6562087c @ Fri Aug  7 11:10:03 UTC 2026
// 同步 ID: 24fd3f7a @ Fri Aug  7 14:04:56 UTC 2026
// 同步 ID: ff718e81 @ Fri Aug  7 17:07:33 UTC 2026
// 同步 ID: 0988b8cf @ Sat Aug  8 03:04:40 UTC 2026
